// Vitest Snapshot v1, https://vitest.dev/guide/snapshot.html

exports[`fetches ABI 1`] = `
[
  {
    "abi": [
      {
        "inputs": [],
        "stateMutability": "nonpayable",
        "type": "constructor",
      },
      {
        "anonymous": false,
        "inputs": [
          {
            "indexed": false,
            "internalType": "bytes",
            "name": "pubkey",
            "type": "bytes",
          },
          {
            "indexed": false,
            "internalType": "bytes",
            "name": "withdrawal_credentials",
            "type": "bytes",
          },
          {
            "indexed": false,
            "internalType": "bytes",
            "name": "amount",
            "type": "bytes",
          },
          {
            "indexed": false,
            "internalType": "bytes",
            "name": "signature",
            "type": "bytes",
          },
          {
            "indexed": false,
            "internalType": "bytes",
            "name": "index",
            "type": "bytes",
          },
        ],
        "name": "DepositEvent",
        "type": "event",
      },
      {
        "inputs": [
          {
            "internalType": "bytes",
            "name": "pubkey",
            "type": "bytes",
          },
          {
            "internalType": "bytes",
            "name": "withdrawal_credentials",
            "type": "bytes",
          },
          {
            "internalType": "bytes",
            "name": "signature",
            "type": "bytes",
          },
          {
            "internalType": "bytes32",
            "name": "deposit_data_root",
            "type": "bytes32",
          },
        ],
        "name": "deposit",
        "outputs": [],
        "stateMutability": "payable",
        "type": "function",
      },
      {
        "inputs": [],
        "name": "get_deposit_count",
        "outputs": [
          {
            "internalType": "bytes",
            "name": "",
            "type": "bytes",
          },
        ],
        "stateMutability": "view",
        "type": "function",
      },
      {
        "inputs": [],
        "name": "get_deposit_root",
        "outputs": [
          {
            "internalType": "bytes32",
            "name": "",
            "type": "bytes32",
          },
        ],
        "stateMutability": "view",
        "type": "function",
      },
      {
        "inputs": [
          {
            "internalType": "bytes4",
            "name": "interfaceId",
            "type": "bytes4",
          },
        ],
        "name": "supportsInterface",
        "outputs": [
          {
            "internalType": "bool",
            "name": "",
            "type": "bool",
          },
        ],
        "stateMutability": "pure",
        "type": "function",
      },
    ],
    "address": {
      "1": "0x00000000219ab540356cbb839cbe05303d7705fa",
    },
    "name": "DepositContract",
  },
]
`;

exports[`fetches ABI with multichain deployment 1`] = `
[
  {
    "abi": [
      {
        "inputs": [
          {
            "internalType": "bytes",
            "name": "_data",
            "type": "bytes",
          },
          {
            "internalType": "bytes",
            "name": "_signature",
            "type": "bytes",
          },
        ],
        "name": "addMember",
        "outputs": [],
        "stateMutability": "nonpayable",
        "type": "function",
      },
      {
        "inputs": [],
        "name": "adminLock",
        "outputs": [
          {
            "internalType": "bool",
            "name": "",
            "type": "bool",
          },
        ],
        "stateMutability": "view",
        "type": "function",
      },
      {
        "inputs": [
          {
            "internalType": "uint256",
            "name": "",
            "type": "uint256",
          },
        ],
        "name": "communities",
        "outputs": [
          {
            "internalType": "address",
            "name": "owner",
            "type": "address",
          },
          {
            "internalType": "contract IToken20",
            "name": "currency",
            "type": "address",
          },
          {
            "internalType": "uint256",
            "name": "memberCount",
            "type": "uint256",
          },
          {
            "internalType": "uint256",
            "name": "projectCount",
            "type": "uint256",
          },
        ],
        "stateMutability": "view",
        "type": "function",
      },
      {
        "inputs": [],
        "name": "communityCount",
        "outputs": [
          {
            "internalType": "uint256",
            "name": "",
            "type": "uint256",
          },
        ],
        "stateMutability": "view",
        "type": "function",
      },
      {
        "inputs": [
          {
            "internalType": "uint256",
            "name": "_communityID",
            "type": "uint256",
          },
        ],
        "name": "communityDetails",
        "outputs": [
          {
            "internalType": "address[]",
            "name": "",
            "type": "address[]",
          },
          {
            "internalType": "address[]",
            "name": "",
            "type": "address[]",
          },
          {
            "internalType": "uint256[]",
            "name": "",
            "type": "uint256[]",
          },
          {
            "internalType": "uint256[]",
            "name": "",
            "type": "uint256[]",
          },
          {
            "internalType": "uint256[]",
            "name": "",
            "type": "uint256[]",
          },
          {
            "internalType": "uint256[]",
            "name": "",
            "type": "uint256[]",
          },
        ],
        "stateMutability": "view",
        "type": "function",
      },
      {
        "inputs": [
          {
            "internalType": "bytes",
            "name": "_hash",
            "type": "bytes",
          },
          {
            "internalType": "address",
            "name": "_currency",
            "type": "address",
          },
        ],
        "name": "createCommunity",
        "outputs": [],
        "stateMutability": "nonpayable",
        "type": "function",
      },
      {
        "inputs": [],
        "name": "homeFiInstance",
        "outputs": [
          {
            "internalType": "contract IHomeFi",
            "name": "",
            "type": "address",
          },
        ],
        "stateMutability": "view",
        "type": "function",
      },
      {
        "inputs": [
          {
            "internalType": "address",
            "name": "_homeFi",
            "type": "address",
          },
          {
            "internalType": "address",
            "name": "_eventsContract",
            "type": "address",
          },
        ],
        "name": "initialize",
        "outputs": [],
        "stateMutability": "nonpayable",
        "type": "function",
      },
      {
        "inputs": [
          {
            "internalType": "uint256",
            "name": "_communityID",
            "type": "uint256",
          },
          {
            "internalType": "address",
            "name": "_project",
            "type": "address",
          },
          {
            "internalType": "uint256",
            "name": "_investment",
            "type": "uint256",
          },
        ],
        "name": "investInProject",
        "outputs": [],
        "stateMutability": "payable",
        "type": "function",
      },
      {
        "inputs": [
          {
            "internalType": "address",
            "name": "_forwarder",
            "type": "address",
          },
        ],
        "name": "isTrustedForwarder",
        "outputs": [
          {
            "internalType": "bool",
            "name": "",
            "type": "bool",
          },
        ],
        "stateMutability": "view",
        "type": "function",
      },
      {
        "inputs": [
          {
            "internalType": "uint256",
            "name": "_communityID",
            "type": "uint256",
          },
          {
            "internalType": "address",
            "name": "_project",
            "type": "address",
          },
          {
            "internalType": "uint256[]",
            "name": "_projectDetails",
            "type": "uint256[]",
          },
        ],
        "name": "publishProject",
        "outputs": [],
        "stateMutability": "nonpayable",
        "type": "function",
      },
      {
        "inputs": [
          {
            "internalType": "uint256",
            "name": "_communityID",
            "type": "uint256",
          },
          {
            "internalType": "address",
            "name": "_project",
            "type": "address",
          },
          {
            "internalType": "uint256",
            "name": "_repayAmount",
            "type": "uint256",
          },
          {
            "internalType": "bytes",
            "name": "_details",
            "type": "bytes",
          },
        ],
        "name": "reduceDebt",
        "outputs": [],
        "stateMutability": "nonpayable",
        "type": "function",
      },
      {
        "inputs": [
          {
            "internalType": "uint256",
            "name": "_communityID",
            "type": "uint256",
          },
          {
            "internalType": "address",
            "name": "_project",
            "type": "address",
          },
          {
            "internalType": "address",
            "name": "_investor",
            "type": "address",
          },
          {
            "internalType": "uint256",
            "name": "_repayAmount",
            "type": "uint256",
          },
        ],
        "name": "repayInvestor",
        "outputs": [],
        "stateMutability": "payable",
        "type": "function",
      },
      {
        "inputs": [
          {
            "internalType": "uint256",
            "name": "_communityID",
            "type": "uint256",
          },
          {
            "internalType": "address",
            "name": "_project",
            "type": "address",
          },
          {
            "internalType": "address",
            "name": "_investor",
            "type": "address",
          },
        ],
        "name": "returnToInvestor",
        "outputs": [
          {
            "internalType": "uint256",
            "name": "_return",
            "type": "uint256",
          },
          {
            "internalType": "uint256",
            "name": "_invested",
            "type": "uint256",
          },
        ],
        "stateMutability": "view",
        "type": "function",
      },
      {
        "inputs": [
          {
            "internalType": "bool",
            "name": "_locked",
            "type": "bool",
          },
        ],
        "name": "setAdminLock",
        "outputs": [],
        "stateMutability": "nonpayable",
        "type": "function",
      },
      {
        "inputs": [
          {
            "internalType": "uint256",
            "name": "_communityID",
            "type": "uint256",
          },
          {
            "internalType": "address",
            "name": "_project",
            "type": "address",
          },
          {
            "internalType": "address",
            "name": "_to",
            "type": "address",
          },
          {
            "internalType": "uint256",
            "name": "_amount",
            "type": "uint256",
          },
        ],
        "name": "transferFraction",
        "outputs": [
          {
            "internalType": "bool",
            "name": "",
            "type": "bool",
          },
        ],
        "stateMutability": "nonpayable",
        "type": "function",
      },
      {
        "inputs": [
          {
            "internalType": "uint256",
            "name": "_communityID",
            "type": "uint256",
          },
          {
            "internalType": "bytes",
            "name": "_hash",
            "type": "bytes",
          },
        ],
        "name": "updateCommunityHash",
        "outputs": [],
        "stateMutability": "nonpayable",
        "type": "function",
      },
    ],
    "address": {
      "100": "0xC4c622862a8F548997699bE24EA4bc504e5cA865",
      "137": "0xC4c622862a8F548997699bE24EA4bc504e5cA865",
    },
    "name": "Community",
  },
]
`;
